// Jest Snapshot v1, https://goo.gl/fbAQLP

exports[`HorizontalScrollCarousel should render 1`] = `undefined`;
