// Jest Snapshot v1, https://goo.gl/fbAQLP

exports[`SliderToggle should render 1`] = `undefined`;
